Final regression at source HEAD e34d69f; actual process exit 0.
Command: dotnet test tests/EnglishLearningPlatform.UnitTests/EnglishLearningPlatform.UnitTests.csproj --no-build --no-restore --logger "console;verbosity=normal"
Integration DBs: fresh GUID names with all repository migrations; application DB untouched. Framework HTTP/SQL logs omitted.

  Passed EnglishLearningPlatform.UnitTests.QuestionBank.QuestionWriteResultTests.Success_RejectsEmptyId [3 ms]
  Passed EnglishLearningPlatform.UnitTests.CourseRulesTests.ExternalResources_OnlyAllowAbsoluteHttpUrls(url: "http://example.test/media.mp3", valid: True) [4 ms]
  Passed EnglishLearningPlatform.UnitTests.QuestionBank.CreateQuestionValidatorTests.Validate_ValidPrimarySkill_ReturnsNoErrors(skill: Grammar) [6 ms]
  Passed EnglishLearningPlatform.UnitTests.CourseRulesTests.ExternalResources_OnlyAllowAbsoluteHttpUrls(url: "https://example.test/media.mp4", valid: True) [< 1 ms]
  Passed EnglishLearningPlatform.UnitTests.CourseRulesTests.ExternalResources_OnlyAllowAbsoluteHttpUrls(url: "/relative/path", valid: False) [< 1 ms]
  Passed EnglishLearningPlatform.UnitTests.CourseRulesTests.ExternalResources_OnlyAllowAbsoluteHttpUrls(url: "javascript:alert(1)", valid: False) [< 1 ms]
  Passed EnglishLearningPlatform.UnitTests.CourseRulesTests.ExternalResources_OnlyAllowAbsoluteHttpUrls(url: "file:///private.txt", valid: False) [< 1 ms]
  Passed EnglishLearningPlatform.UnitTests.QuestionBank.CreateQuestionValidatorTests.Validate_ValidPrimarySkill_ReturnsNoErrors(skill: Listening) [< 1 ms]
  Passed EnglishLearningPlatform.UnitTests.QuestionBank.CreateQuestionValidatorTests.Validate_ValidPrimarySkill_ReturnsNoErrors(skill: Reading) [< 1 ms]
  Passed EnglishLearningPlatform.UnitTests.QuestionBank.CreateQuestionValidatorTests.Validate_ValidPrimarySkill_ReturnsNoErrors(skill: Vocabulary) [< 1 ms]
  Passed EnglishLearningPlatform.UnitTests.QuestionBank.CreateQuestionValidatorTests.Validate_ValidRequest_ReturnsNoErrors [< 1 ms]
  Passed EnglishLearningPlatform.UnitTests.QuestionBank.QuestionWriteResultTests.Failure_RejectsNullEntry [1 ms]
  Passed EnglishLearningPlatform.UnitTests.Authorization.ResourceOwnerAuthorizationHandlerTests.UnauthenticatedUser_Fails [7 ms]
  Passed EnglishLearningPlatform.UnitTests.Authorization.ActiveRoleAuthorizationHandlerTests.TwoActiveRoles_Fails [7 ms]
  Passed EnglishLearningPlatform.UnitTests.QuestionBank.CreateQuestionValidatorTests.Validate_ContentOverLimit_ReturnsMaxLengthError [2 ms]
  Passed EnglishLearningPlatform.UnitTests.Authorization.ActiveRoleAuthorizationHandlerTests.ExactlyOneActiveRole_Succeeds(role: "Student") [1 ms]
  Passed EnglishLearningPlatform.UnitTests.Authorization.ResourceOwnerAuthorizationHandlerTests.OwnerUser_Succeeds [1 ms]
  Passed EnglishLearningPlatform.UnitTests.QuestionBank.CreateQuestionValidatorTests.Validate_ContentAtLimit_ReturnsNoErrors [< 1 ms]
  Passed EnglishLearningPlatform.UnitTests.Authorization.ActiveRoleAuthorizationHandlerTests.ExactlyOneActiveRole_Succeeds(role: "Admin") [< 1 ms]
  Passed EnglishLearningPlatform.UnitTests.Authorization.ActiveRoleAuthorizationHandlerTests.ExactlyOneActiveRole_Succeeds(role: "Teacher") [< 1 ms]
  Passed EnglishLearningPlatform.UnitTests.QuestionBank.CreateQuestionValidatorTests.Validate_MissingPrimarySkill_ReturnsInvalidError [< 1 ms]
  Passed EnglishLearningPlatform.UnitTests.QuestionBank.CreateQuestionValidatorTests.Validate_UndefinedPrimarySkill_ReturnsInvalidError(value: 0) [< 1 ms]
  Passed EnglishLearningPlatform.UnitTests.Authorization.ResourceOwnerAuthorizationHandlerTests.DifferentUser_Fails [1 ms]
  Passed EnglishLearningPlatform.UnitTests.QuestionBank.CreateQuestionValidatorTests.Validate_UndefinedPrimarySkill_ReturnsInvalidError(value: -1) [< 1 ms]
  Passed EnglishLearningPlatform.UnitTests.Authorization.ActiveRoleAuthorizationHandlerTests.NoRoleClaims_Fails [< 1 ms]
  Passed EnglishLearningPlatform.UnitTests.QuestionBank.CreateQuestionValidatorTests.Validate_UndefinedPrimarySkill_ReturnsInvalidError(value: 999) [< 1 ms]
  Passed EnglishLearningPlatform.UnitTests.QuestionBank.CreateQuestionValidatorTests.Validate_BlankContent_ReturnsRequiredError(content: "") [< 1 ms]
  Passed EnglishLearningPlatform.UnitTests.Authorization.ActiveRoleAuthorizationHandlerTests.DuplicatedSameRoleClaim_Fails [< 1 ms]
  Passed EnglishLearningPlatform.UnitTests.QuestionBank.CreateQuestionValidatorTests.Validate_BlankContent_ReturnsRequiredError(content: null) [< 1 ms]
  Passed EnglishLearningPlatform.UnitTests.QuestionBank.CreateQuestionValidatorTests.Validate_BlankContent_ReturnsRequiredError(content: "   ") [< 1 ms]
  Passed EnglishLearningPlatform.UnitTests.Authorization.ActiveRoleAuthorizationHandlerTests.UnknownRoleOnly_Fails [< 1 ms]
  Passed EnglishLearningPlatform.UnitTests.Authorization.ResourceOwnerAuthorizationHandlerTests.NonGuidNameIdentifier_Fails [1 ms]
  Passed EnglishLearningPlatform.UnitTests.QuestionBank.CreateQuestionValidatorTests.Validate_InvalidRequest_ReturnsErrors [1 ms]
  Passed EnglishLearningPlatform.UnitTests.Authorization.ActiveRoleAuthorizationHandlerTests.UnauthenticatedUser_Fails [< 1 ms]
  Passed EnglishLearningPlatform.UnitTests.Authorization.ActiveRoleAuthorizationHandlerTests.KnownPlusUnknownRole_Fails [< 1 ms]
  Passed EnglishLearningPlatform.UnitTests.QuestionBank.QuestionWriteResultTests.Success_ReturnsIdAndNoErrors [6 ms]
  Passed EnglishLearningPlatform.UnitTests.CourseRulesTests.FinalAssessment_MustMatchOwnerCourseTypePassingScoreAndStatus(type: PlacementTest, passing: null, status: Published, valid: False) [8 ms]
  Passed EnglishLearningPlatform.UnitTests.QuestionBank.QuestionWriteResultTests.Failure_RejectsNullCollection [< 1 ms]
  Passed EnglishLearningPlatform.UnitTests.QuestionBank.QuestionWriteResultTests.Failure_RejectsEmptyCollection [< 1 ms]
  Passed EnglishLearningPlatform.UnitTests.CourseRulesTests.FinalAssessment_MustMatchOwnerCourseTypePassingScoreAndStatus(type: PracticeExam, passing: null, status: Published, valid: False) [< 1 ms]
  Passed EnglishLearningPlatform.UnitTests.CourseRulesTests.FinalAssessment_MustMatchOwnerCourseTypePassingScoreAndStatus(type: PracticeExam, passing: 60, status: Draft, valid: False) [< 1 ms]
  Passed EnglishLearningPlatform.UnitTests.CourseRulesTests.FinalAssessment_MustMatchOwnerCourseTypePassingScoreAndStatus(type: PracticeExam, passing: 60, status: Published, valid: True) [< 1 ms]
  Passed EnglishLearningPlatform.UnitTests.CourseRulesTests.FinalAssessment_MustMatchOwnerCourseTypePassingScoreAndStatus(type: SkillAssessment, passing: 60, status: Published, valid: True) [< 1 ms]
  Passed EnglishLearningPlatform.UnitTests.ExamScoringServiceTests.Score_ReturnsFullPoints_WhenSelectedOptionIsCorrect [15 ms]
  Passed EnglishLearningPlatform.UnitTests.CourseRulesTests.FinalAssessment_MustMatchOwnerCourseTypePassingScoreAndStatus(type: PracticeExam, passing: 101, status: Published, valid: False) [< 1 ms]
  Passed EnglishLearningPlatform.UnitTests.QuestionBank.QuestionWriteResultTests.Failure_ReturnsErrorsAndNoId [4 ms]
  Passed EnglishLearningPlatform.UnitTests.QuestionBank.QuestionWriteResultTests.Failure_KeepsReadOnlySnapshotOfErrors [< 1 ms]
Test Run Successful.
Total tests: 47
     Passed: 47
 Total time: 0.5240 Seconds
