Final regression at source HEAD e34d69f; actual process exit 0.
Command: ELP_TEST_SQLSERVER="$ConnectionStrings__DefaultConnection" dotnet test tests/EnglishLearningPlatform.IntegrationTests/EnglishLearningPlatform.IntegrationTests.csproj --no-build --no-restore --logger "console;verbosity=normal"
Integration DBs: fresh GUID names with all repository migrations; application DB untouched. Framework HTTP/SQL logs omitted.

  Passed EnglishLearningPlatform.IntegrationTests.AccountAuthorizationTests.Guest_AccountForm_HasAntiforgeryToken(path: "/Account/Register") [255 ms]
  Passed EnglishLearningPlatform.IntegrationTests.AuthorizationIntegrityAcceptanceTests.MigratedDatabase_MatchesEfModel_AndCommerceIntegrityConstraints [270 ms]
  Passed EnglishLearningPlatform.IntegrationTests.AccountAuthorizationTests.Guest_AccountForm_HasAntiforgeryToken(path: "/Account/Login") [34 ms]
  Passed EnglishLearningPlatform.IntegrationTests.AccountAuthorizationTests.Logout_WithoutLogin_RedirectsToLogin [23 ms]
  Passed EnglishLearningPlatform.IntegrationTests.HealthCheckTests.Home_ReturnsSuccess [550 ms]
  Passed EnglishLearningPlatform.IntegrationTests.CommercePaymentTests.DuplicateProviderTransactionId_IsRejected [890 ms]
  Passed EnglishLearningPlatform.IntegrationTests.AuthorizationIntegrityAcceptanceTests.DuplicateEnrollment_IsRejectedByDatabase_AndOriginalEnrollmentPersists [653 ms]
  Passed EnglishLearningPlatform.IntegrationTests.LearningAccessTests.UnavailableLesson_IsBlockedForEnrolledStudent_ButOwnerCanPreview(visibility: Visible, status: Draft) [1 s]
  Passed EnglishLearningPlatform.IntegrationTests.ProfileAndLoginTests.InactiveAccount_CannotLogin_AndExistingSessionIsRejected(status: Disabled) [1 s]
  Passed EnglishLearningPlatform.IntegrationTests.CheckoutFlowTests.ConcurrentPurchaseClicks_ReuseOneUnprocessedOrder [1 s]
  Passed EnglishLearningPlatform.IntegrationTests.ProfileAndLoginTests.InactiveAccount_CannotLogin_AndExistingSessionIsRejected(status: Locked) [224 ms]
  Passed EnglishLearningPlatform.IntegrationTests.LearningAccessTests.UnavailableLesson_IsBlockedForEnrolledStudent_ButOwnerCanPreview(visibility: Visible, status: Hidden) [258 ms]
  Passed EnglishLearningPlatform.IntegrationTests.AuthorizationIntegrityAcceptanceTests.InactiveAccount_RejectsExistingCookieImmediately_ForApiAndMvc(status: Locked) [496 ms]
  Passed EnglishLearningPlatform.IntegrationTests.AssessmentLifecycleAcceptanceTests.ExistingAttempt_ResumesOrFinalizesAfterAssessmentWithdrawn(status: Archived, expired: True) [1 s]
  Passed EnglishLearningPlatform.IntegrationTests.CheckoutFlowTests.LostOrderCommitAcknowledgement_RepeatedPurchaseReusesPersistedOrder [274 ms]
  Passed EnglishLearningPlatform.IntegrationTests.ProfileAndLoginTests.Login_ReturnUrl_AllowsOnlyLocalUrls(returnUrl: "/Profile", expected: "/Profile") [199 ms]
  Passed EnglishLearningPlatform.IntegrationTests.AssessmentAttemptStartTests.ConcurrentSaveAndFinalize_PreservesGradedResult [1 s]
  Passed EnglishLearningPlatform.IntegrationTests.LearningAccessTests.UnavailableLesson_IsBlockedForEnrolledStudent_ButOwnerCanPreview(visibility: Hidden, status: Published) [248 ms]
  Passed EnglishLearningPlatform.IntegrationTests.CheckoutFlowTests.BeginFailureAfterAllocation_CleansUpAllocatedEfTransaction(webhook: False) [187 ms]
  Passed EnglishLearningPlatform.IntegrationTests.CourseCompletionIntegrationTests.AlreadyGradedReplay_RepairsMissedCompletionWithoutChangingGradeOrFinalization [1 s]
  Passed EnglishLearningPlatform.IntegrationTests.ProfileAndLoginTests.Login_ReturnUrl_AllowsOnlyLocalUrls(returnUrl: "https://example.test/steal", expected: "/") [215 ms]
  Passed EnglishLearningPlatform.IntegrationTests.AssessmentLifecycleAcceptanceTests.ExistingAttempt_ResumesOrFinalizesAfterAssessmentWithdrawn(status: Unpublished, expired: False) [241 ms]
  Passed EnglishLearningPlatform.IntegrationTests.AuthorizationIntegrityAcceptanceTests.InactiveAccount_RejectsExistingCookieImmediately_ForApiAndMvc(status: Disabled) [299 ms]
  Passed EnglishLearningPlatform.IntegrationTests.AssessmentAttemptStartTests.LateSave_TriggersAutoFinalizeWithoutSavingAnswer [266 ms]
  Passed EnglishLearningPlatform.IntegrationTests.CheckoutFeatureTests.BrowserReturnCannotConfirmPayment_OrdersArePrivate_PostsRequireCsrf_WebhookIsSigned [1 s]
  Passed EnglishLearningPlatform.IntegrationTests.CheckoutFlowTests.BeginFailureAfterAllocation_CleansUpAllocatedEfTransaction(webhook: True) [235 ms]
  Passed EnglishLearningPlatform.IntegrationTests.AssessmentLifecycleAcceptanceTests.ExistingAttempt_ResumesOrFinalizesAfterAssessmentWithdrawn(status: Archived, expired: False) [229 ms]
  Passed EnglishLearningPlatform.IntegrationTests.ProfileAndLoginTests.ProfileUpdate_WithoutAntiforgeryToken_IsRejected [238 ms]
  Passed EnglishLearningPlatform.IntegrationTests.AuthorizationIntegrityAcceptanceTests.ApiTeacherPolicy_Returns401ForGuest_403ForWrongRole_200ForTeacher(role: "Teacher", expected: OK) [207 ms]
  Passed EnglishLearningPlatform.IntegrationTests.CourseFeatureTests.PublicDetail_DoesNotLeakResourcesOrHiddenStructure_AndCannotGuessNonPublicIds [407 ms]
  Passed EnglishLearningPlatform.IntegrationTests.LearningAccessTests.OtherTeacher_CannotOpenCourseModuleLessonOrManageCourse [467 ms]
  Passed EnglishLearningPlatform.IntegrationTests.AssessmentAttemptStartTests.ConcurrentStarts_ReuseOneActiveAttempt [266 ms]
  Passed EnglishLearningPlatform.IntegrationTests.EnrollmentProgressTests.Mutations_AreIdempotentConcurrentAndEnforceLifecycleAndOwnership [2 s]
  Passed EnglishLearningPlatform.IntegrationTests.CheckoutFlowTests.InvalidAuthenticatedOrTamperedCallback_CannotGrantAccess(invalid: "order") [255 ms]
  Passed EnglishLearningPlatform.IntegrationTests.AuthorizationIntegrityAcceptanceTests.ApiTeacherPolicy_Returns401ForGuest_403ForWrongRole_200ForTeacher(role: "Admin", expected: Forbidden) [227 ms]
  Passed EnglishLearningPlatform.IntegrationTests.AssessmentLifecycleAcceptanceTests.ExistingAttempt_ResumesOrFinalizesAfterAssessmentWithdrawn(status: Unpublished, expired: True) [247 ms]
  Passed EnglishLearningPlatform.IntegrationTests.CourseCompletionIntegrationTests.InvalidFinalDefinition_DoesNotCompleteDespiteExistingPassingResult(invalid: "wrong-owner") [507 ms]
  Passed EnglishLearningPlatform.IntegrationTests.LearningAccessTests.EnrolledStudent_AccessFollowsCourseLifecycle(status: Archived, canView: True, canRecord: False) [209 ms]
  Passed EnglishLearningPlatform.IntegrationTests.ProfileAndLoginTests.EachRole_CanLogin_ViewOwnProfile_AndLogout(role: "Admin", roleLabel: "Quản trị viên") [291 ms]
  Passed EnglishLearningPlatform.IntegrationTests.CheckoutFeatureTests.Receipt_IsBoundToOriginalOrderQuote_TransactionCannotBeReused_ExpiredEventIsRejected [465 ms]
  Passed EnglishLearningPlatform.IntegrationTests.AssessmentAttemptStartTests.ExpiredAttempt_IsGradedOnceBeforeAnotherStart [267 ms]
  Passed EnglishLearningPlatform.IntegrationTests.AuthorizationIntegrityAcceptanceTests.ApiTeacherPolicy_Returns401ForGuest_403ForWrongRole_200ForTeacher(role: "Student", expected: Forbidden) [204 ms]
  Passed EnglishLearningPlatform.IntegrationTests.AuthorizationIntegrityAcceptanceTests.ApiTeacherPolicy_Returns401ForGuest_403ForWrongRole_200ForTeacher(role: null, expected: Unauthorized) [2 ms]
  Passed EnglishLearningPlatform.IntegrationTests.CheckoutFlowTests.InvalidAuthenticatedOrTamperedCallback_CannotGrantAccess(invalid: "transaction") [270 ms]
  Passed EnglishLearningPlatform.IntegrationTests.ProfileAndLoginTests.EachRole_CanLogin_ViewOwnProfile_AndLogout(role: "Teacher", roleLabel: "Giáo viên") [257 ms]
  Passed EnglishLearningPlatform.IntegrationTests.LearningAccessTests.EnrolledStudent_AccessFollowsCourseLifecycle(status: Draft, canView: False, canRecord: False) [267 ms]
  Passed EnglishLearningPlatform.IntegrationTests.AssessmentLifecycleAcceptanceTests.Finalize_RequiresExactlyStudentRole(replacementRole: null) [329 ms]
  Passed EnglishLearningPlatform.IntegrationTests.CheckoutFeatureTests.FailedPaymentAndWithdrawnCourse_DoNotGrantLearningRights [260 ms]
  Passed EnglishLearningPlatform.IntegrationTests.CourseCompletionIntegrationTests.InvalidFinalDefinition_DoesNotCompleteDespiteExistingPassingResult(invalid: "unpublished") [400 ms]
  Passed EnglishLearningPlatform.IntegrationTests.AssessmentAttemptStartTests.FinalizedAttempt_ConsumesMaxAttempts [266 ms]
  Passed EnglishLearningPlatform.IntegrationTests.CheckoutFlowTests.InvalidAuthenticatedOrTamperedCallback_CannotGrantAccess(invalid: "currency") [212 ms]
  Passed EnglishLearningPlatform.IntegrationTests.LearningAccessTests.EnrolledStudent_AccessFollowsCourseLifecycle(status: Unpublished, canView: True, canRecord: True) [172 ms]
  Passed EnglishLearningPlatform.IntegrationTests.EnrollmentProgressTests.Completion_PostRequiresCsrfAndExplicitState_ModuleAndLessonRenderProgress [575 ms]
  Passed EnglishLearningPlatform.IntegrationTests.ProfileAndLoginTests.EachRole_CanLogin_ViewOwnProfile_AndLogout(role: "Student", roleLabel: "Học viên") [239 ms]
  Passed EnglishLearningPlatform.IntegrationTests.CheckoutFeatureTests.GatewayDisabled_InvalidRoleAndDisabledOwnerCannotCreateOrder [215 ms]
  Passed EnglishLearningPlatform.IntegrationTests.AssessmentLifecycleAcceptanceTests.Finalize_RequiresExactlyStudentRole(replacementRole: "Teacher") [279 ms]
  Passed EnglishLearningPlatform.IntegrationTests.AssessmentAttemptStartTests.ActiveAttempt_AtMaxAttempts_ReturnsExistingAttempt(expired: True, expectedStatus: ExpiredFinalized) [224 ms]
  Passed EnglishLearningPlatform.IntegrationTests.ProfileAndLoginTests.Register_AlwaysCreatesStudent_EvenWhenClientPostsTeacherRole [138 ms]
  Passed EnglishLearningPlatform.IntegrationTests.CheckoutFlowTests.InvalidAuthenticatedOrTamperedCallback_CannotGrantAccess(invalid: "pending") [223 ms]
  Passed EnglishLearningPlatform.IntegrationTests.LearningAccessTests.EnrolledStudent_AccessFollowsCourseLifecycle(status: Published, canView: True, canRecord: True) [212 ms]
  Passed EnglishLearningPlatform.IntegrationTests.EnrollmentProgressTests.EmptyEffectiveSet_DoesNotCompleteEnrollment [268 ms]
  Passed EnglishLearningPlatform.IntegrationTests.CourseCompletionIntegrationTests.InvalidFinalDefinition_DoesNotCompleteDespiteExistingPassingResult(invalid: "missing-passing-score") [400 ms]
  Passed EnglishLearningPlatform.IntegrationTests.AssessmentLifecycleAcceptanceTests.Finalize_RequiresExactlyStudentRole(replacementRole: "Admin") [216 ms]
  Passed EnglishLearningPlatform.IntegrationTests.ProfileAndLoginTests.InvalidCredentials_RenderValidation_WithoutLoggingIn [167 ms]
  Passed EnglishLearningPlatform.IntegrationTests.AssessmentAttemptStartTests.ActiveAttempt_AtMaxAttempts_ReturnsExistingAttempt(expired: False, expectedStatus: Resumed) [222 ms]
  Passed EnglishLearningPlatform.IntegrationTests.CheckoutFlowTests.InvalidAuthenticatedOrTamperedCallback_CannotGrantAccess(invalid: "amount") [223 ms]
  Passed EnglishLearningPlatform.IntegrationTests.CheckoutFeatureTests.PaidCheckout_RequiresVerifiedPayment_ReusesPendingOrder_AndConfirmsOnceUnderConcurrency [394 ms]
  Passed EnglishLearningPlatform.IntegrationTests.LearningAccessTests.UnenrolledStudent_CannotOpenPublishedContent_AndGuestMustLogin [315 ms]
  Passed EnglishLearningPlatform.IntegrationTests.CheckoutFlowTests.InvalidAuthenticatedOrTamperedCallback_CannotGrantAccess(invalid: "provider") [184 ms]
  Passed EnglishLearningPlatform.IntegrationTests.AssessmentLifecycleAcceptanceTests.UnavailableCourse_DoesNotStartNewAttempt(status: Archived) [294 ms]
  Passed EnglishLearningPlatform.IntegrationTests.CourseCompletionIntegrationTests.InvalidFinalDefinition_DoesNotCompleteDespiteExistingPassingResult(invalid: "archived") [357 ms]
  Passed EnglishLearningPlatform.IntegrationTests.EnrollmentProgressTests.FinalAssessment_RequiresGradedPassingScoreBeforeHistoricalCompletion [388 ms]
  Passed EnglishLearningPlatform.IntegrationTests.ProfileAndLoginTests.UpdateProfile_OnlyChangesOwnFullName_IgnoresSensitiveFields [345 ms]
  Passed EnglishLearningPlatform.IntegrationTests.LearningAccessTests.MissingResource_Returns404_AndAccessDeniedPageReturns403 [202 ms]
  Passed EnglishLearningPlatform.IntegrationTests.AssessmentAttemptStartTests.SaveAnswer_ValidatesOwnershipOptionAndFinalization [386 ms]
  Passed EnglishLearningPlatform.IntegrationTests.CheckoutFlowTests.InvalidAuthenticatedOrTamperedCallback_CannotGrantAccess(invalid: "signature") [226 ms]
  Passed EnglishLearningPlatform.IntegrationTests.AssessmentLifecycleAcceptanceTests.UnavailableCourse_DoesNotStartNewAttempt(status: Draft) [223 ms]
  Passed EnglishLearningPlatform.IntegrationTests.LearningAccessTests.ManageCourse_RequiresTeacherRoleAndOwnership(role: "Admin", canManage: False) [244 ms]
  Passed EnglishLearningPlatform.IntegrationTests.CourseCompletionIntegrationTests.InvalidFinalDefinition_DoesNotCompleteDespiteExistingPassingResult(invalid: "placement") [321 ms]
  Passed EnglishLearningPlatform.IntegrationTests.EnrollmentProgressTests.Progress_FollowsEffectiveLessonsAndPreservesFirstCompletion [300 ms]
  Passed EnglishLearningPlatform.IntegrationTests.CheckoutFlowTests.InvalidAuthenticatedOrTamperedCallback_CannotGrantAccess(invalid: "tampered") [202 ms]
  Passed EnglishLearningPlatform.IntegrationTests.AssessmentAttemptStartTests.ConcurrentFinalization_GradesOnlyOnce [292 ms]
  Passed EnglishLearningPlatform.IntegrationTests.CourseFeatureTests.TeacherForms_EndToEndPublishPreviewAndOtherOwnerMutationDenied [1 s]
  Passed EnglishLearningPlatform.IntegrationTests.AssessmentLifecycleAcceptanceTests.ExistingCourseAttempt_PreservesDeadlineAndCanFinishAfterArchive(status: Unpublished, expired: True) [247 ms]
  Passed EnglishLearningPlatform.IntegrationTests.LearningAccessTests.ManageCourse_RequiresTeacherRoleAndOwnership(role: "Teacher", canManage: True) [245 ms]
  Passed EnglishLearningPlatform.IntegrationTests.CheckoutFlowTests.LateCallbackCannotOverwriteTerminalStatus(first: Cancelled) [234 ms]
  Passed EnglishLearningPlatform.IntegrationTests.AssessmentLifecycleAcceptanceTests.ExistingCourseAttempt_PreservesDeadlineAndCanFinishAfterArchive(status: Archived, expired: False) [225 ms]
  Passed EnglishLearningPlatform.IntegrationTests.CourseCompletionIntegrationTests.InvalidFinalDefinition_DoesNotCompleteDespiteExistingPassingResult(invalid: "wrong-course") [333 ms]
  Passed EnglishLearningPlatform.IntegrationTests.CourseFeatureTests.Reorder_AllThreeLevelsUsesUniqueIndexAndPreservesResourcesAndProgress [344 ms]
  Passed EnglishLearningPlatform.IntegrationTests.LearningAccessTests.ManageCourse_RequiresTeacherRoleAndOwnership(role: "Student", canManage: False) [227 ms]
  Passed EnglishLearningPlatform.IntegrationTests.CheckoutFlowTests.LateCallbackCannotOverwriteTerminalStatus(first: Failed) [203 ms]
  Passed EnglishLearningPlatform.IntegrationTests.AssessmentLifecycleAcceptanceTests.ExistingCourseAttempt_PreservesDeadlineAndCanFinishAfterArchive(status: Archived, expired: True) [184 ms]
  Passed EnglishLearningPlatform.IntegrationTests.CourseCompletionIntegrationTests.RoundedDisplayScoreAtPassingBoundary_DoesNotCompleteFailedFinal [267 ms]
  Passed EnglishLearningPlatform.IntegrationTests.CheckoutFlowTests.LateCallbackCannotOverwriteTerminalStatus(first: Success) [203 ms]
  Passed EnglishLearningPlatform.IntegrationTests.AssessmentLifecycleAcceptanceTests.ExistingCourseAttempt_PreservesDeadlineAndCanFinishAfterArchive(status: Unpublished, expired: False) [172 ms]
  Passed EnglishLearningPlatform.IntegrationTests.CourseFeatureTests.ExistingEnrollmentSurvivesPriceTypeAndLifecycleChanges_PaymentMustMatchOriginalOrder [342 ms]
  Passed EnglishLearningPlatform.IntegrationTests.AssessmentLifecycleAcceptanceTests.UnavailableAssessment_DoesNotStartNewAttempt(status: Archived) [162 ms]
  Passed EnglishLearningPlatform.IntegrationTests.CheckoutFlowTests.SandboxIsBlockedWhenDisabledOrOutsideDevelopment(environment: "Development", enabled: False) [192 ms]
  Passed EnglishLearningPlatform.IntegrationTests.CourseCompletionIntegrationTests.ExpiredFinal_GradedFromStartOrLateSave_ReconcilesCompletion(finalizeFromStart: True) [283 ms]
  Passed EnglishLearningPlatform.IntegrationTests.AssessmentLifecycleAcceptanceTests.UnavailableAssessment_DoesNotStartNewAttempt(status: Unpublished) [175 ms]
  Passed EnglishLearningPlatform.IntegrationTests.CheckoutFlowTests.SandboxIsBlockedWhenDisabledOrOutsideDevelopment(environment: "Production", enabled: True) [181 ms]
  Passed EnglishLearningPlatform.IntegrationTests.CourseFeatureTests.Authoring_ValidatesOwnershipParentsPricePublishAndResourceData [316 ms]
  Passed EnglishLearningPlatform.IntegrationTests.CourseCompletionIntegrationTests.ExpiredFinal_GradedFromStartOrLateSave_ReconcilesCompletion(finalizeFromStart: False) [255 ms]
  Passed EnglishLearningPlatform.IntegrationTests.AssessmentLifecycleAcceptanceTests.UnavailableAssessment_DoesNotStartNewAttempt(status: Draft) [148 ms]
  Passed EnglishLearningPlatform.IntegrationTests.CheckoutFlowTests.SandboxIsBlockedWhenDisabledOrOutsideDevelopment(environment: "Staging", enabled: True) [186 ms]
  Passed EnglishLearningPlatform.IntegrationTests.CourseFeatureTests.ConcurrentEnrollments_CreateExactlyOneEnrollment [193 ms]
  Passed EnglishLearningPlatform.IntegrationTests.CourseCompletionIntegrationTests.ConcurrentFinalizationAndLessonWrites_GradeOnceAndPreserveCompletionTimestamp [370 ms]
  Passed EnglishLearningPlatform.IntegrationTests.AssessmentLifecycleAcceptanceTests.Start_RechecksAssessmentScopeAfterSnapshotBeforeCreatingAttempt [496 ms]
  Passed EnglishLearningPlatform.IntegrationTests.CourseFeatureTests.Catalog_FiltersPaginatesAndOnlyExposesPublishedMetadata [395 ms]
  Passed EnglishLearningPlatform.IntegrationTests.CourseCompletionIntegrationTests.InvalidPaidEnrollment_BlocksStartAndLessonProgress(pending: False) [203 ms]
  Passed EnglishLearningPlatform.IntegrationTests.AssessmentLifecycleAcceptanceTests.Finalize_BlocksInactiveStudentWithoutMutatingAttempt(status: Disabled) [185 ms]
  Passed EnglishLearningPlatform.IntegrationTests.CourseFeatureTests.InactiveAccountsAndDisabledOwnerCannotEnrollOrAuthor [189 ms]
  Passed EnglishLearningPlatform.IntegrationTests.CourseCompletionIntegrationTests.InvalidPaidEnrollment_BlocksStartAndLessonProgress(pending: True) [194 ms]
  Passed EnglishLearningPlatform.IntegrationTests.AssessmentLifecycleAcceptanceTests.Finalize_BlocksInactiveStudentWithoutMutatingAttempt(status: Locked) [166 ms]
  Passed EnglishLearningPlatform.IntegrationTests.CheckoutFlowTests.HttpAuthorizationOwnershipAndCsrf_AreEnforced [814 ms]
  Passed EnglishLearningPlatform.IntegrationTests.CourseCompletionIntegrationTests.PassingFinalAfterLessons_CompletesImmediatelyWithoutAnotherLessonRequest [311 ms]
  Passed EnglishLearningPlatform.IntegrationTests.AssessmentLifecycleAcceptanceTests.Finalize_ConcealsAnotherStudentsAttemptAndPreservesResult [243 ms]
  Passed EnglishLearningPlatform.IntegrationTests.CourseFeatureTests.FreeEnrollment_IsRequiredIdempotentCsrfProtectedAndScopedToStudentAndCourse [418 ms]
  Passed EnglishLearningPlatform.IntegrationTests.CheckoutFlowTests.FailureAndCancellation_DoNotGrantAccess_AndRetryCreatesNewOrder(scenario: Cancelled, expected: Cancelled) [319 ms]
  Passed EnglishLearningPlatform.IntegrationTests.CourseCompletionIntegrationTests.CourseChangesAndIncompleteLesson_PreserveHistoricalCompletion [270 ms]
  Passed EnglishLearningPlatform.IntegrationTests.AssessmentLifecycleAcceptanceTests.SaveAnswer_RejectsAnotherAssessmentsQuestion_AndClearIsIdempotent [375 ms]
  Passed EnglishLearningPlatform.IntegrationTests.CheckoutFlowTests.FailureAndCancellation_DoNotGrantAccess_AndRetryCreatesNewOrder(scenario: Failed, expected: Failed) [276 ms]
  Passed EnglishLearningPlatform.IntegrationTests.CourseCompletionIntegrationTests.CompletionUpdateFailure_RollsBackGradeAndCompletion_ThenNewScopeRetrySucceeds [298 ms]
  Passed EnglishLearningPlatform.IntegrationTests.CheckoutFlowTests.HttpSignedCallbackAcceptedAndConflictingReplayRejected [178 ms]
  Passed EnglishLearningPlatform.IntegrationTests.CourseCompletionIntegrationTests.HighestPassingFinal_CompletesDespiteLaterFailedAttempt [306 ms]
  Passed EnglishLearningPlatform.IntegrationTests.CheckoutFlowTests.DuplicateTransactionWithDifferentData_IsRejectedAcrossOrders [315 ms]
  Passed EnglishLearningPlatform.IntegrationTests.CheckoutFlowTests.PreCanceledRequest_DoesNotStartTransaction(webhook: False) [149 ms]
  Passed EnglishLearningPlatform.IntegrationTests.CourseCompletionIntegrationTests.PassingFinalBeforeLessons_CompletesWhenLastEffectiveLessonIsRecorded [243 ms]
  Passed EnglishLearningPlatform.IntegrationTests.CheckoutFlowTests.PreCanceledRequest_DoesNotStartTransaction(webhook: True) [155 ms]
  Passed EnglishLearningPlatform.IntegrationTests.CourseCompletionIntegrationTests.FailedFinalAfterLessons_DoesNotCompleteCourse [241 ms]
  Passed EnglishLearningPlatform.IntegrationTests.CheckoutFlowTests.BeginCancellation_IsNotConvertedToIntegrationError(webhook: False) [141 ms]
  Passed EnglishLearningPlatform.IntegrationTests.CheckoutFlowTests.BeginCancellation_IsNotConvertedToIntegrationError(webhook: True) [176 ms]
  Passed EnglishLearningPlatform.IntegrationTests.CourseCompletionIntegrationTests.VerifiedHostedPaymentThroughLearningAndRealFinal_RecordsCourseCompletion [298 ms]
  Passed EnglishLearningPlatform.IntegrationTests.CheckoutFlowTests.SequentialAndConcurrentDuplicateCallbacks_GrantOnce [246 ms]
  Passed EnglishLearningPlatform.IntegrationTests.CourseCompletionIntegrationTests.PaymentInvalidatedBeforeFinalize_DoesNotRecordCourseCompletion(pending: True) [245 ms]
  Passed EnglishLearningPlatform.IntegrationTests.CheckoutFlowTests.InactiveStudent_CannotPurchase(status: Locked) [146 ms]
  Passed EnglishLearningPlatform.IntegrationTests.CheckoutFlowTests.InactiveStudent_CannotPurchase(status: Disabled) [143 ms]
  Passed EnglishLearningPlatform.IntegrationTests.CourseCompletionIntegrationTests.PaymentInvalidatedBeforeFinalize_DoesNotRecordCourseCompletion(pending: False) [256 ms]
  Passed EnglishLearningPlatform.IntegrationTests.CheckoutFlowTests.CreatedOrderKeepsOriginalQuoteAfterPriceChanges [174 ms]
  Passed EnglishLearningPlatform.IntegrationTests.CheckoutFlowTests.IneligibleCourse_CannotCreateOrder(paid: True, status: Archived) [143 ms]
  Passed EnglishLearningPlatform.IntegrationTests.CourseCompletionIntegrationTests.AllEffectiveLessonsWithoutGradedFinal_DoNotCompleteCourse [246 ms]
  Passed EnglishLearningPlatform.IntegrationTests.CheckoutFlowTests.IneligibleCourse_CannotCreateOrder(paid: True, status: Unpublished) [153 ms]
  Passed EnglishLearningPlatform.IntegrationTests.CourseCompletionIntegrationTests.PassingFinalWithNoEffectiveLessons_DoesNotCompleteCourse [232 ms]
  Passed EnglishLearningPlatform.IntegrationTests.CheckoutFlowTests.IneligibleCourse_CannotCreateOrder(paid: False, status: Published) [155 ms]
  Passed EnglishLearningPlatform.IntegrationTests.CheckoutFlowTests.IneligibleCourse_CannotCreateOrder(paid: True, status: Draft) [160 ms]
  Passed EnglishLearningPlatform.IntegrationTests.CheckoutFlowTests.HostedOrderCannotBeSettledByLocalSimulatorOrLocalSignature [271 ms]
  Passed EnglishLearningPlatform.IntegrationTests.CheckoutFlowTests.MatchingReplayRepairsLegacyPaymentWithoutEnrollment [193 ms]
  Passed EnglishLearningPlatform.IntegrationTests.CheckoutFlowTests.TransactionBeginFailure_ReturnsControlledHttpResult(webhook: False) [240 ms]
  Passed EnglishLearningPlatform.IntegrationTests.CheckoutFlowTests.TransactionBeginFailure_ReturnsControlledHttpResult(webhook: True) [241 ms]
  Passed EnglishLearningPlatform.IntegrationTests.CheckoutFlowTests.LocalQuoteExpiryStopsSimulationButAllowsReceiptOccurredWithinDeadline [189 ms]
  Passed EnglishLearningPlatform.IntegrationTests.CheckoutFlowTests.HostedStartDoesNotFallBackToLocalWhenHostedIsDisabled [173 ms]
  Passed EnglishLearningPlatform.IntegrationTests.CheckoutFlowTests.TwoQuotedOrdersPaidConcurrently_DoNotDuplicateEnrollment [184 ms]
  Passed EnglishLearningPlatform.IntegrationTests.CheckoutFlowTests.CommitFailure_AfterTransactionEnded_DoesNotEscapeRollbackError(webhook: True) [173 ms]
  Passed EnglishLearningPlatform.IntegrationTests.CheckoutFlowTests.CommitFailure_AfterTransactionEnded_DoesNotEscapeRollbackError(webhook: False) [164 ms]
  Passed EnglishLearningPlatform.IntegrationTests.CheckoutFlowTests.WrappedCancellation_IsPropagatedAsCancellation [164 ms]
  Passed EnglishLearningPlatform.IntegrationTests.CheckoutFlowTests.CancellationAfterCommit_DoesNotClaimSuccess_AndReplayRemainsSafe [198 ms]
  Passed EnglishLearningPlatform.IntegrationTests.CheckoutFlowTests.DisabledOwnerOrInvalidPrice_CannotPurchase [176 ms]
  Passed EnglishLearningPlatform.IntegrationTests.CheckoutFlowTests.WithdrawnCourseRecordsLocalReceiptWithoutIssuingEnrollment [174 ms]
  Passed EnglishLearningPlatform.IntegrationTests.CheckoutFlowTests.HttpSandboxSuccess_GrantsExactlyOneEnrollmentAndLearningAccess [356 ms]
  Passed EnglishLearningPlatform.IntegrationTests.CheckoutFlowTests.DisposeFailure_AfterConfirmedCommit_DoesNotUndoConfirmedSuccess [169 ms]
  Passed EnglishLearningPlatform.IntegrationTests.CheckoutFlowTests.DatabaseFailure_WithRollbackAndDisposeFailures_PreservesOriginalError(webhook: False) [306 ms]
  Passed EnglishLearningPlatform.IntegrationTests.CheckoutFlowTests.DatabaseFailure_WithRollbackAndDisposeFailures_PreservesOriginalError(webhook: True) [262 ms]
  Passed EnglishLearningPlatform.IntegrationTests.CheckoutFlowTests.HttpSimulationFailure_ShowsErrorPreservesOrderAndCanRetry [287 ms]
  Passed EnglishLearningPlatform.IntegrationTests.CheckoutFlowTests.ReservedLocalProviderCannotConfigureHostedCheckout(provider: "local-sandbox") [163 ms]
  Passed EnglishLearningPlatform.IntegrationTests.CheckoutFlowTests.ReservedLocalProviderCannotConfigureHostedCheckout(provider: "LOCAL-SANDBOX") [161 ms]
  Passed EnglishLearningPlatform.IntegrationTests.CheckoutFlowTests.ConcurrentDifferentEvents_FirstTerminalWins [168 ms]
  Passed EnglishLearningPlatform.IntegrationTests.CheckoutFlowTests.HttpCheckout_UsesServerBuyerPriceAndCurrency_GetAndRefreshDoNotWrite [355 ms]
  Passed EnglishLearningPlatform.IntegrationTests.CheckoutFlowTests.WrappedProviderBeginFailure_IsClassifiedAsDatabaseFailure [154 ms]
  Passed EnglishLearningPlatform.IntegrationTests.CheckoutFlowTests.LostCommitAcknowledgement_Returns503_NoAutomaticRetry_ThenReplayConfirmsPersistedPayment [190 ms]
  Passed EnglishLearningPlatform.IntegrationTests.CheckoutFlowTests.CallbackWithAnotherOrdersIdAndOriginalAmount_IsRejected [316 ms]
  Passed EnglishLearningPlatform.IntegrationTests.CheckoutFlowTests.ProductionAllowsConfiguredHostedButNeverLocalSimulation [175 ms]
  Passed EnglishLearningPlatform.IntegrationTests.CheckoutFlowTests.FreeEnrollmentAndExistingPaidAccess_ArePreserved [377 ms]
  Passed EnglishLearningPlatform.IntegrationTests.CheckoutFlowTests.Cancellation_DuringCommit_WithCleanupFailures_PropagatesOriginalCancellation [166 ms]
  Passed EnglishLearningPlatform.IntegrationTests.CheckoutFlowTests.PostRechecksPriceAndEligibilityAfterGet [271 ms]
  Passed EnglishLearningPlatform.IntegrationTests.CheckoutFlowTests.EnrollmentWriteFailure_RollsBackPreviouslySavedPayment_AndRetryWorks [204 ms]
Test Run Successful.
Total tests: 175
     Passed: 175
 Total time: 20.8655 Seconds
