W3 full checkout gate after reserved-provider fix
Date: 2026-10-08 (Asia/Saigon)
Command: ELP_TEST_SQLSERVER=<inherited existing local SQL Server connection> dotnet test tests/EnglishLearningPlatform.IntegrationTests/EnglishLearningPlatform.IntegrationTests.csproj --no-build --no-restore --filter 'FullyQualifiedName~Checkout|FullyQualifiedName~CommercePaymentTests' --logger 'console;verbosity=normal' --logger 'trx;LogFileName=week3-payment.trx' --results-directory /tmp/elp-acceptance
Exit code: 0
SQL Server: existing local instance, DatabaseFixture isolated GUID database; no application DB migration.
Sensitive connection values and server logs omitted; exact passing/failing test names and actual runner summary retained.
CheckoutMergeTests.cs and CheckoutTransactionFailureTests.cs are partial CheckoutFlowTests; included by this filter.
  Passed EnglishLearningPlatform.IntegrationTests.CommercePaymentTests.DuplicateProviderTransactionId_IsRejected [799 ms]
  Passed EnglishLearningPlatform.IntegrationTests.CheckoutFlowTests.ConcurrentPurchaseClicks_ReuseOneUnprocessedOrder [1 s]
  Passed EnglishLearningPlatform.IntegrationTests.CheckoutFlowTests.LostOrderCommitAcknowledgement_RepeatedPurchaseReusesPersistedOrder [184 ms]
  Passed EnglishLearningPlatform.IntegrationTests.CheckoutFlowTests.BeginFailureAfterAllocation_CleansUpAllocatedEfTransaction(webhook: False) [159 ms]
  Passed EnglishLearningPlatform.IntegrationTests.CheckoutFlowTests.BeginFailureAfterAllocation_CleansUpAllocatedEfTransaction(webhook: True) [168 ms]
  Passed EnglishLearningPlatform.IntegrationTests.CheckoutFeatureTests.BrowserReturnCannotConfirmPayment_OrdersArePrivate_PostsRequireCsrf_WebhookIsSigned [1 s]
  Passed EnglishLearningPlatform.IntegrationTests.CheckoutFlowTests.InvalidAuthenticatedOrTamperedCallback_CannotGrantAccess(invalid: "order") [203 ms]
  Passed EnglishLearningPlatform.IntegrationTests.CheckoutFlowTests.InvalidAuthenticatedOrTamperedCallback_CannotGrantAccess(invalid: "transaction") [172 ms]
  Passed EnglishLearningPlatform.IntegrationTests.CheckoutFeatureTests.Receipt_IsBoundToOriginalOrderQuote_TransactionCannotBeReused_ExpiredEventIsRejected [327 ms]
  Passed EnglishLearningPlatform.IntegrationTests.CheckoutFlowTests.InvalidAuthenticatedOrTamperedCallback_CannotGrantAccess(invalid: "currency") [196 ms]
  Passed EnglishLearningPlatform.IntegrationTests.CheckoutFeatureTests.FailedPaymentAndWithdrawnCourse_DoNotGrantLearningRights [300 ms]
  Passed EnglishLearningPlatform.IntegrationTests.CheckoutFlowTests.InvalidAuthenticatedOrTamperedCallback_CannotGrantAccess(invalid: "pending") [190 ms]
  Passed EnglishLearningPlatform.IntegrationTests.CheckoutFeatureTests.GatewayDisabled_InvalidRoleAndDisabledOwnerCannotCreateOrder [193 ms]
  Passed EnglishLearningPlatform.IntegrationTests.CheckoutFlowTests.InvalidAuthenticatedOrTamperedCallback_CannotGrantAccess(invalid: "amount") [164 ms]
  Passed EnglishLearningPlatform.IntegrationTests.CheckoutFlowTests.InvalidAuthenticatedOrTamperedCallback_CannotGrantAccess(invalid: "provider") [171 ms]
  Passed EnglishLearningPlatform.IntegrationTests.CheckoutFlowTests.InvalidAuthenticatedOrTamperedCallback_CannotGrantAccess(invalid: "signature") [185 ms]
  Passed EnglishLearningPlatform.IntegrationTests.CheckoutFeatureTests.PaidCheckout_RequiresVerifiedPayment_ReusesPendingOrder_AndConfirmsOnceUnderConcurrency [446 ms]
  Passed EnglishLearningPlatform.IntegrationTests.CheckoutFlowTests.InvalidAuthenticatedOrTamperedCallback_CannotGrantAccess(invalid: "tampered") [190 ms]
  Passed EnglishLearningPlatform.IntegrationTests.CheckoutFlowTests.LateCallbackCannotOverwriteTerminalStatus(first: Cancelled) [211 ms]
  Passed EnglishLearningPlatform.IntegrationTests.CheckoutFlowTests.LateCallbackCannotOverwriteTerminalStatus(first: Failed) [202 ms]
  Passed EnglishLearningPlatform.IntegrationTests.CheckoutFlowTests.LateCallbackCannotOverwriteTerminalStatus(first: Success) [183 ms]
  Passed EnglishLearningPlatform.IntegrationTests.CheckoutFlowTests.SandboxIsBlockedWhenDisabledOrOutsideDevelopment(environment: "Development", enabled: False) [220 ms]
  Passed EnglishLearningPlatform.IntegrationTests.CheckoutFlowTests.SandboxIsBlockedWhenDisabledOrOutsideDevelopment(environment: "Production", enabled: True) [221 ms]
  Passed EnglishLearningPlatform.IntegrationTests.CheckoutFlowTests.SandboxIsBlockedWhenDisabledOrOutsideDevelopment(environment: "Staging", enabled: True) [203 ms]
  Passed EnglishLearningPlatform.IntegrationTests.CheckoutFlowTests.HttpAuthorizationOwnershipAndCsrf_AreEnforced [831 ms]
  Passed EnglishLearningPlatform.IntegrationTests.CheckoutFlowTests.FailureAndCancellation_DoNotGrantAccess_AndRetryCreatesNewOrder(scenario: Cancelled, expected: Cancelled) [329 ms]
  Passed EnglishLearningPlatform.IntegrationTests.CheckoutFlowTests.FailureAndCancellation_DoNotGrantAccess_AndRetryCreatesNewOrder(scenario: Failed, expected: Failed) [288 ms]
  Passed EnglishLearningPlatform.IntegrationTests.CheckoutFlowTests.HttpSignedCallbackAcceptedAndConflictingReplayRejected [227 ms]
  Passed EnglishLearningPlatform.IntegrationTests.CheckoutFlowTests.DuplicateTransactionWithDifferentData_IsRejectedAcrossOrders [358 ms]
  Passed EnglishLearningPlatform.IntegrationTests.CheckoutFlowTests.PreCanceledRequest_DoesNotStartTransaction(webhook: False) [159 ms]
  Passed EnglishLearningPlatform.IntegrationTests.CheckoutFlowTests.PreCanceledRequest_DoesNotStartTransaction(webhook: True) [159 ms]
  Passed EnglishLearningPlatform.IntegrationTests.CheckoutFlowTests.BeginCancellation_IsNotConvertedToIntegrationError(webhook: False) [162 ms]
  Passed EnglishLearningPlatform.IntegrationTests.CheckoutFlowTests.BeginCancellation_IsNotConvertedToIntegrationError(webhook: True) [173 ms]
  Passed EnglishLearningPlatform.IntegrationTests.CheckoutFlowTests.SequentialAndConcurrentDuplicateCallbacks_GrantOnce [358 ms]
  Passed EnglishLearningPlatform.IntegrationTests.CheckoutFlowTests.InactiveStudent_CannotPurchase(status: Locked) [172 ms]
  Passed EnglishLearningPlatform.IntegrationTests.CheckoutFlowTests.InactiveStudent_CannotPurchase(status: Disabled) [167 ms]
  Passed EnglishLearningPlatform.IntegrationTests.CheckoutFlowTests.CreatedOrderKeepsOriginalQuoteAfterPriceChanges [197 ms]
  Passed EnglishLearningPlatform.IntegrationTests.CheckoutFlowTests.IneligibleCourse_CannotCreateOrder(paid: True, status: Archived) [153 ms]
  Passed EnglishLearningPlatform.IntegrationTests.CheckoutFlowTests.IneligibleCourse_CannotCreateOrder(paid: True, status: Unpublished) [164 ms]
  Passed EnglishLearningPlatform.IntegrationTests.CheckoutFlowTests.IneligibleCourse_CannotCreateOrder(paid: False, status: Published) [154 ms]
  Passed EnglishLearningPlatform.IntegrationTests.CheckoutFlowTests.IneligibleCourse_CannotCreateOrder(paid: True, status: Draft) [149 ms]
  Passed EnglishLearningPlatform.IntegrationTests.CheckoutFlowTests.HostedOrderCannotBeSettledByLocalSimulatorOrLocalSignature [303 ms]
  Passed EnglishLearningPlatform.IntegrationTests.CheckoutFlowTests.MatchingReplayRepairsLegacyPaymentWithoutEnrollment [210 ms]
  Passed EnglishLearningPlatform.IntegrationTests.CheckoutFlowTests.TransactionBeginFailure_ReturnsControlledHttpResult(webhook: False) [251 ms]
  Passed EnglishLearningPlatform.IntegrationTests.CheckoutFlowTests.TransactionBeginFailure_ReturnsControlledHttpResult(webhook: True) [263 ms]
  Passed EnglishLearningPlatform.IntegrationTests.CheckoutFlowTests.LocalQuoteExpiryStopsSimulationButAllowsReceiptOccurredWithinDeadline [199 ms]
  Passed EnglishLearningPlatform.IntegrationTests.CheckoutFlowTests.HostedStartDoesNotFallBackToLocalWhenHostedIsDisabled [176 ms]
  Passed EnglishLearningPlatform.IntegrationTests.CheckoutFlowTests.TwoQuotedOrdersPaidConcurrently_DoNotDuplicateEnrollment [219 ms]
  Passed EnglishLearningPlatform.IntegrationTests.CheckoutFlowTests.CommitFailure_AfterTransactionEnded_DoesNotEscapeRollbackError(webhook: True) [201 ms]
  Passed EnglishLearningPlatform.IntegrationTests.CheckoutFlowTests.CommitFailure_AfterTransactionEnded_DoesNotEscapeRollbackError(webhook: False) [170 ms]
  Passed EnglishLearningPlatform.IntegrationTests.CheckoutFlowTests.WrappedCancellation_IsPropagatedAsCancellation [176 ms]
  Passed EnglishLearningPlatform.IntegrationTests.CheckoutFlowTests.CancellationAfterCommit_DoesNotClaimSuccess_AndReplayRemainsSafe [206 ms]
  Passed EnglishLearningPlatform.IntegrationTests.CheckoutFlowTests.DisabledOwnerOrInvalidPrice_CannotPurchase [219 ms]
  Passed EnglishLearningPlatform.IntegrationTests.CheckoutFlowTests.WithdrawnCourseRecordsLocalReceiptWithoutIssuingEnrollment [181 ms]
  Passed EnglishLearningPlatform.IntegrationTests.CheckoutFlowTests.HttpSandboxSuccess_GrantsExactlyOneEnrollmentAndLearningAccess [399 ms]
  Passed EnglishLearningPlatform.IntegrationTests.CheckoutFlowTests.DisposeFailure_AfterConfirmedCommit_DoesNotUndoConfirmedSuccess [165 ms]
  Passed EnglishLearningPlatform.IntegrationTests.CheckoutFlowTests.DatabaseFailure_WithRollbackAndDisposeFailures_PreservesOriginalError(webhook: False) [286 ms]
  Passed EnglishLearningPlatform.IntegrationTests.CheckoutFlowTests.DatabaseFailure_WithRollbackAndDisposeFailures_PreservesOriginalError(webhook: True) [254 ms]
  Passed EnglishLearningPlatform.IntegrationTests.CheckoutFlowTests.HttpSimulationFailure_ShowsErrorPreservesOrderAndCanRetry [292 ms]
  Passed EnglishLearningPlatform.IntegrationTests.CheckoutFlowTests.ReservedLocalProviderCannotConfigureHostedCheckout(provider: "local-sandbox") [162 ms]
  Passed EnglishLearningPlatform.IntegrationTests.CheckoutFlowTests.ReservedLocalProviderCannotConfigureHostedCheckout(provider: "LOCAL-SANDBOX") [146 ms]
  Passed EnglishLearningPlatform.IntegrationTests.CheckoutFlowTests.ConcurrentDifferentEvents_FirstTerminalWins [179 ms]
  Passed EnglishLearningPlatform.IntegrationTests.CheckoutFlowTests.HttpCheckout_UsesServerBuyerPriceAndCurrency_GetAndRefreshDoNotWrite [376 ms]
  Passed EnglishLearningPlatform.IntegrationTests.CheckoutFlowTests.WrappedProviderBeginFailure_IsClassifiedAsDatabaseFailure [142 ms]
  Passed EnglishLearningPlatform.IntegrationTests.CheckoutFlowTests.LostCommitAcknowledgement_Returns503_NoAutomaticRetry_ThenReplayConfirmsPersistedPayment [181 ms]
  Passed EnglishLearningPlatform.IntegrationTests.CheckoutFlowTests.CallbackWithAnotherOrdersIdAndOriginalAmount_IsRejected [318 ms]
  Passed EnglishLearningPlatform.IntegrationTests.CheckoutFlowTests.ProductionAllowsConfiguredHostedButNeverLocalSimulation [189 ms]
  Passed EnglishLearningPlatform.IntegrationTests.CheckoutFlowTests.FreeEnrollmentAndExistingPaidAccess_ArePreserved [406 ms]
  Passed EnglishLearningPlatform.IntegrationTests.CheckoutFlowTests.Cancellation_DuringCommit_WithCleanupFailures_PropagatesOriginalCancellation [175 ms]
  Passed EnglishLearningPlatform.IntegrationTests.CheckoutFlowTests.PostRechecksPriceAndEligibilityAfterGet [269 ms]
  Passed EnglishLearningPlatform.IntegrationTests.CheckoutFlowTests.EnrollmentWriteFailure_RollsBackPreviouslySavedPayment_AndRetryWorks [198 ms]
Test Run Successful.
Total tests: 71
     Passed: 71
 Total time: 18.6667 Seconds
