Week 5 final gate after two remaining acceptance tests; actual run exit 0.
Command: ELP_TEST_SQLSERVER="$ConnectionStrings__DefaultConnection" dotnet test tests/EnglishLearningPlatform.IntegrationTests/EnglishLearningPlatform.IntegrationTests.csproj --no-restore --filter "FullyQualifiedName~AssessmentAttemptStartTests|FullyQualifiedName~AssessmentLifecycleAcceptanceTests|FullyQualifiedName~CourseCompletionIntegrationTests|FullyQualifiedName~EnrollmentProgressTests" --logger "console;verbosity=normal"
SQL Server: independent GUID databases; application DB untouched. Framework HTTP/SQL logs omitted.

  Passed EnglishLearningPlatform.IntegrationTests.AssessmentLifecycleAcceptanceTests.ExistingAttempt_ResumesOrFinalizesAfterAssessmentWithdrawn(status: Archived, expired: True) [1 s]
  Passed EnglishLearningPlatform.IntegrationTests.AssessmentAttemptStartTests.ConcurrentSaveAndFinalize_PreservesGradedResult [1 s]
  Passed EnglishLearningPlatform.IntegrationTests.AssessmentLifecycleAcceptanceTests.ExistingAttempt_ResumesOrFinalizesAfterAssessmentWithdrawn(status: Unpublished, expired: False) [184 ms]
  Passed EnglishLearningPlatform.IntegrationTests.CourseCompletionIntegrationTests.AlreadyGradedReplay_RepairsMissedCompletionWithoutChangingGradeOrFinalization [1 s]
  Passed EnglishLearningPlatform.IntegrationTests.AssessmentAttemptStartTests.LateSave_TriggersAutoFinalizeWithoutSavingAnswer [205 ms]
  Passed EnglishLearningPlatform.IntegrationTests.AssessmentLifecycleAcceptanceTests.ExistingAttempt_ResumesOrFinalizesAfterAssessmentWithdrawn(status: Archived, expired: False) [172 ms]
  Passed EnglishLearningPlatform.IntegrationTests.AssessmentAttemptStartTests.ConcurrentStarts_ReuseOneActiveAttempt [179 ms]
  Passed EnglishLearningPlatform.IntegrationTests.EnrollmentProgressTests.Mutations_AreIdempotentConcurrentAndEnforceLifecycleAndOwnership [1 s]
  Passed EnglishLearningPlatform.IntegrationTests.AssessmentLifecycleAcceptanceTests.ExistingAttempt_ResumesOrFinalizesAfterAssessmentWithdrawn(status: Unpublished, expired: True) [178 ms]
  Passed EnglishLearningPlatform.IntegrationTests.CourseCompletionIntegrationTests.InvalidFinalDefinition_DoesNotCompleteDespiteExistingPassingResult(invalid: "wrong-owner") [342 ms]
  Passed EnglishLearningPlatform.IntegrationTests.AssessmentAttemptStartTests.ExpiredAttempt_IsGradedOnceBeforeAnotherStart [183 ms]
  Passed EnglishLearningPlatform.IntegrationTests.AssessmentLifecycleAcceptanceTests.Finalize_RequiresExactlyStudentRole(replacementRole: null) [199 ms]
  Passed EnglishLearningPlatform.IntegrationTests.AssessmentAttemptStartTests.FinalizedAttempt_ConsumesMaxAttempts [195 ms]
  Passed EnglishLearningPlatform.IntegrationTests.CourseCompletionIntegrationTests.InvalidFinalDefinition_DoesNotCompleteDespiteExistingPassingResult(invalid: "unpublished") [298 ms]
  Passed EnglishLearningPlatform.IntegrationTests.AssessmentAttemptStartTests.ActiveAttempt_AtMaxAttempts_ReturnsExistingAttempt(expired: True, expectedStatus: ExpiredFinalized) [166 ms]
  Passed EnglishLearningPlatform.IntegrationTests.AssessmentLifecycleAcceptanceTests.Finalize_RequiresExactlyStudentRole(replacementRole: "Teacher") [223 ms]
  Passed EnglishLearningPlatform.IntegrationTests.CourseCompletionIntegrationTests.InvalidFinalDefinition_DoesNotCompleteDespiteExistingPassingResult(invalid: "missing-passing-score") [260 ms]
  Passed EnglishLearningPlatform.IntegrationTests.AssessmentAttemptStartTests.ActiveAttempt_AtMaxAttempts_ReturnsExistingAttempt(expired: False, expectedStatus: Resumed) [182 ms]
  Passed EnglishLearningPlatform.IntegrationTests.AssessmentLifecycleAcceptanceTests.Finalize_RequiresExactlyStudentRole(replacementRole: "Admin") [189 ms]
  Passed EnglishLearningPlatform.IntegrationTests.EnrollmentProgressTests.Completion_PostRequiresCsrfAndExplicitState_ModuleAndLessonRenderProgress [690 ms]
  Passed EnglishLearningPlatform.IntegrationTests.AssessmentLifecycleAcceptanceTests.UnavailableCourse_DoesNotStartNewAttempt(status: Archived) [206 ms]
  Passed EnglishLearningPlatform.IntegrationTests.EnrollmentProgressTests.EmptyEffectiveSet_DoesNotCompleteEnrollment [217 ms]
  Passed EnglishLearningPlatform.IntegrationTests.CourseCompletionIntegrationTests.InvalidFinalDefinition_DoesNotCompleteDespiteExistingPassingResult(invalid: "archived") [265 ms]
  Passed EnglishLearningPlatform.IntegrationTests.AssessmentAttemptStartTests.SaveAnswer_ValidatesOwnershipOptionAndFinalization [304 ms]
  Passed EnglishLearningPlatform.IntegrationTests.AssessmentLifecycleAcceptanceTests.UnavailableCourse_DoesNotStartNewAttempt(status: Draft) [157 ms]
  Passed EnglishLearningPlatform.IntegrationTests.AssessmentAttemptStartTests.ConcurrentFinalization_GradesOnlyOnce [215 ms]
  Passed EnglishLearningPlatform.IntegrationTests.CourseCompletionIntegrationTests.InvalidFinalDefinition_DoesNotCompleteDespiteExistingPassingResult(invalid: "placement") [304 ms]
  Passed EnglishLearningPlatform.IntegrationTests.EnrollmentProgressTests.FinalAssessment_RequiresGradedPassingScoreBeforeHistoricalCompletion [360 ms]
  Passed EnglishLearningPlatform.IntegrationTests.AssessmentLifecycleAcceptanceTests.ExistingCourseAttempt_PreservesDeadlineAndCanFinishAfterArchive(status: Unpublished, expired: True) [232 ms]
  Passed EnglishLearningPlatform.IntegrationTests.AssessmentLifecycleAcceptanceTests.ExistingCourseAttempt_PreservesDeadlineAndCanFinishAfterArchive(status: Archived, expired: False) [183 ms]
  Passed EnglishLearningPlatform.IntegrationTests.CourseCompletionIntegrationTests.InvalidFinalDefinition_DoesNotCompleteDespiteExistingPassingResult(invalid: "wrong-course") [270 ms]
  Passed EnglishLearningPlatform.IntegrationTests.EnrollmentProgressTests.Progress_FollowsEffectiveLessonsAndPreservesFirstCompletion [278 ms]
  Passed EnglishLearningPlatform.IntegrationTests.AssessmentLifecycleAcceptanceTests.ExistingCourseAttempt_PreservesDeadlineAndCanFinishAfterArchive(status: Archived, expired: True) [186 ms]
  Passed EnglishLearningPlatform.IntegrationTests.CourseCompletionIntegrationTests.RoundedDisplayScoreAtPassingBoundary_DoesNotCompleteFailedFinal [267 ms]
  Passed EnglishLearningPlatform.IntegrationTests.AssessmentLifecycleAcceptanceTests.ExistingCourseAttempt_PreservesDeadlineAndCanFinishAfterArchive(status: Unpublished, expired: False) [178 ms]
  Passed EnglishLearningPlatform.IntegrationTests.AssessmentLifecycleAcceptanceTests.UnavailableAssessment_DoesNotStartNewAttempt(status: Archived) [147 ms]
  Passed EnglishLearningPlatform.IntegrationTests.CourseCompletionIntegrationTests.ExpiredFinal_GradedFromStartOrLateSave_ReconcilesCompletion(finalizeFromStart: True) [254 ms]
  Passed EnglishLearningPlatform.IntegrationTests.AssessmentLifecycleAcceptanceTests.UnavailableAssessment_DoesNotStartNewAttempt(status: Unpublished) [154 ms]
  Passed EnglishLearningPlatform.IntegrationTests.CourseCompletionIntegrationTests.ExpiredFinal_GradedFromStartOrLateSave_ReconcilesCompletion(finalizeFromStart: False) [242 ms]
  Passed EnglishLearningPlatform.IntegrationTests.AssessmentLifecycleAcceptanceTests.UnavailableAssessment_DoesNotStartNewAttempt(status: Draft) [152 ms]
  Passed EnglishLearningPlatform.IntegrationTests.CourseCompletionIntegrationTests.ConcurrentFinalizationAndLessonWrites_GradeOnceAndPreserveCompletionTimestamp [336 ms]
  Passed EnglishLearningPlatform.IntegrationTests.AssessmentLifecycleAcceptanceTests.Start_RechecksAssessmentScopeAfterSnapshotBeforeCreatingAttempt [448 ms]
  Passed EnglishLearningPlatform.IntegrationTests.CourseCompletionIntegrationTests.InvalidPaidEnrollment_BlocksStartAndLessonProgress(pending: False) [229 ms]
  Passed EnglishLearningPlatform.IntegrationTests.AssessmentLifecycleAcceptanceTests.Finalize_BlocksInactiveStudentWithoutMutatingAttempt(status: Disabled) [172 ms]
  Passed EnglishLearningPlatform.IntegrationTests.CourseCompletionIntegrationTests.InvalidPaidEnrollment_BlocksStartAndLessonProgress(pending: True) [173 ms]
  Passed EnglishLearningPlatform.IntegrationTests.AssessmentLifecycleAcceptanceTests.Finalize_BlocksInactiveStudentWithoutMutatingAttempt(status: Locked) [168 ms]
  Passed EnglishLearningPlatform.IntegrationTests.CourseCompletionIntegrationTests.PassingFinalAfterLessons_CompletesImmediatelyWithoutAnotherLessonRequest [299 ms]
  Passed EnglishLearningPlatform.IntegrationTests.AssessmentLifecycleAcceptanceTests.Finalize_ConcealsAnotherStudentsAttemptAndPreservesResult [235 ms]
  Passed EnglishLearningPlatform.IntegrationTests.CourseCompletionIntegrationTests.CourseChangesAndIncompleteLesson_PreserveHistoricalCompletion [291 ms]
  Passed EnglishLearningPlatform.IntegrationTests.AssessmentLifecycleAcceptanceTests.SaveAnswer_RejectsAnotherAssessmentsQuestion_AndClearIsIdempotent [356 ms]
  Passed EnglishLearningPlatform.IntegrationTests.CourseCompletionIntegrationTests.CompletionUpdateFailure_RollsBackGradeAndCompletion_ThenNewScopeRetrySucceeds [378 ms]
  Passed EnglishLearningPlatform.IntegrationTests.CourseCompletionIntegrationTests.HighestPassingFinal_CompletesDespiteLaterFailedAttempt [396 ms]
  Passed EnglishLearningPlatform.IntegrationTests.CourseCompletionIntegrationTests.PassingFinalBeforeLessons_CompletesWhenLastEffectiveLessonIsRecorded [295 ms]
  Passed EnglishLearningPlatform.IntegrationTests.CourseCompletionIntegrationTests.FailedFinalAfterLessons_DoesNotCompleteCourse [276 ms]
  Passed EnglishLearningPlatform.IntegrationTests.CourseCompletionIntegrationTests.VerifiedHostedPaymentThroughLearningAndRealFinal_RecordsCourseCompletion [597 ms]
  Passed EnglishLearningPlatform.IntegrationTests.CourseCompletionIntegrationTests.PaymentInvalidatedBeforeFinalize_DoesNotRecordCourseCompletion(pending: True) [322 ms]
  Passed EnglishLearningPlatform.IntegrationTests.CourseCompletionIntegrationTests.PaymentInvalidatedBeforeFinalize_DoesNotRecordCourseCompletion(pending: False) [348 ms]
  Passed EnglishLearningPlatform.IntegrationTests.CourseCompletionIntegrationTests.AllEffectiveLessonsWithoutGradedFinal_DoNotCompleteCourse [308 ms]
  Passed EnglishLearningPlatform.IntegrationTests.CourseCompletionIntegrationTests.PassingFinalWithNoEffectiveLessons_DoesNotCompleteCourse [268 ms]
Test Run Successful.
Total tests: 59
     Passed: 59
 Total time: 14.1993 Seconds
